[61c60634ce344.mywebzi.ir/index.html]
[backblue.gif]
[fade.gif]
[index.html]
[webzi.ir/static/0.0.1/editor/bower_components/flexslider/flexslider.css]
[webzi.ir/static/0.0.1/editor/bower_components/animate.css/animate.min.css]
[webzi.ir/static/0.0.1/editor/bower_components/remodal/dist/remodal.css]
[webzi.ir/static/0.0.1/editor/bower_components/remodal/dist/remodal-default-theme.css]
[webzi.ir/static/0.0.1/editor/css/base67e7.css]
[61c60634ce344.mywebzi.ir/theme/css/style982a.css]
[61c60634ce344.mywebzi.ir/uploads/cd8c556264154f60b7755579f232a946.png]
[61c60634ce344.mywebzi.ir/uploads/cd8c556264154f60b7755579f232a946.w_50,h_44,r_k.png]
[61c60634ce344.mywebzi.ir/uploads/8e95306fbf494afaa63d00f038a25152.w_62,h_55,r_k.png]
[webzi.ir/static/0.0.1/editor/images/sample/6.jpg]
[webzi.ir/static/0.0.1/editor/images/sample/8.jpg]
[61c60634ce344.mywebzi.ir/نشریه-75107/index.html]
[webzi.ir/static/0.0.1/editor/images/sample/10.jpg]
[webzi.ir/static/0.0.1/editor/images/sample/11.jpg]
[webzi.ir/static/0.0.1/editor/images/sample/13.jpg]
[webzi.ir/static/0.0.1/editor/images/sample/14.jpg]
[61c60634ce344.mywebzi.ir/نمونه-کار-ها/index.html]
[webzi.ir/static/0.0.1/editor/images/sample/15.jpg]
[webzi.ir/static/0.0.1/editor/images/sample/17.jpg]
[webzi.ir/static/0.0.1/editor/images/sample/18.jpg]
[61c60634ce344.mywebzi.ir/uploads/1f43a33096ff42ea8822ec201bc551f5.jpg]
[61c60634ce344.mywebzi.ir/درباره-ما/index.html]
[61c60634ce344.mywebzi.ir/تماس-با-ما/index.html]
[61c60634ce344.mywebzi.ir/نشریه-64069/index.html]
[61c60634ce344.mywebzi.ir/uploads/1f43a33096ff42ea8822ec201bc551f5.w_964,h_668,r_k.jpg]
[61c60634ce344.mywebzi.ir/uploads/6c0f7f4441ad4f0d9e778a544e320378.png]
[61c60634ce344.mywebzi.ir/uploads/6c0f7f4441ad4f0d9e778a544e320378.w_964,h_668,r_k.png]
[61c60634ce344.mywebzi.ir/uploads/17f48761438140efa62ac93c8e852dd6.png]
[61c60634ce344.mywebzi.ir/uploads/17f48761438140efa62ac93c8e852dd6.w_964,h_668,r_k.png]
[61c60634ce344.mywebzi.ir/uploads/47b194073776448598bb99d8c77f2729.png]
[61c60634ce344.mywebzi.ir/uploads/47b194073776448598bb99d8c77f2729.w_964,h_668,r_k.png]
[61c60634ce344.mywebzi.ir/uploads/fe6156155e8a46b29319700a2584cf41.jpg]
[61c60634ce344.mywebzi.ir/uploads/fe6156155e8a46b29319700a2584cf41.w_964,h_668,r_k.jpg]
[61c60634ce344.mywebzi.ir/uploads/cecce7a1019044c9aa5fde7360616e5b.w_574,h_528,r_k.jpg]
[61c60634ce344.mywebzi.ir/uploads/f442ec1d899c4964b645888ef5e0a868.w_44,h_49,r_k.png]
[61c60634ce344.mywebzi.ir/uploads/96e4df8bfe6a4f0488678779d54f66a2.w_47,h_47,r_k.png]
[61c60634ce344.mywebzi.ir/uploads/index.html]
[webzi.ir/static/0.0.1/editor/bower_components/jquery/dist/jquery.min.js]
[webzi.ir/static/0.0.1/editor/bower_components/flexslider/jquery.flexslider-min.js]
[webzi.ir/static/0.0.1/editor/js/animation7dd3.js]
[webzi.ir/static/0.0.1/editor/bower_components/lodash/dist/lodash.min.js]
[61c60634ce344.mywebzi.ir/api/index.html]
[webzi.ir/static/0.0.1/editor/bower_components/remodal/dist/remodal.min.js]
[webzi.ir/static/0.0.1/editor/js/frontBase67e7.js]
[61c60634ce344.mywebzi.ir/index.html]
[61c60634ce344.mywebzi.ir/theme/js/main982a.js]
[webzi.ir/static/0.0.1/editor/bower_components/flexslider/fonts/flexslider-icon.eot]
[webzi.ir/static/0.0.1/editor/bower_components/flexslider/fonts/flexslider-icond41d.eot]
[webzi.ir/static/0.0.1/editor/bower_components/flexslider/fonts/flexslider-icon.woff]
[webzi.ir/static/0.0.1/editor/bower_components/flexslider/fonts/flexslider-icon.ttf]
[webzi.ir/static/0.0.1/editor/bower_components/flexslider/flexslider.css]
[webzi.ir/static/0.0.1/editor/bower_components/animate.css/animate.min.css]
[webzi.ir/static/0.0.1/editor/bower_components/remodal/dist/remodal.css]
[webzi.ir/static/0.0.1/editor/bower_components/remodal/dist/remodal-default-theme.css]
[webzi.ir/static/0.0.1/editor/bower_components/flexslider/fonts/flexslider-icon.svg]
[webzi.ir/static/0.0.1/editor/images/player-graphics.gif]
[webzi.ir/static/0.0.1/editor/images/ajax-loader.gif]
[webzi.ir/static/0.0.1/editor/images/play-button.png]
[webzi.ir/static/0.0.1/editor/css/base67e7.css]
[61c60634ce344.mywebzi.ir/uploads/7539067fe5c7474080faadc981b9676c.jpg]
[61c60634ce344.mywebzi.ir/uploads/45982b7e585e4c788713034c8aed8b6a.jpg]
[61c60634ce344.mywebzi.ir/uploads/a1b9d8b5b013429ba506a85557fd7531.jpg]
[61c60634ce344.mywebzi.ir/uploads/9b16dea330d0438bbea5f91c9b8c86e5.jpg]
[61c60634ce344.mywebzi.ir/theme/css/style982a.css]
[61c60634ce344.mywebzi.ir/نشریه-75107/index.html]
[61c60634ce344.mywebzi.ir/نمونه-کار-ها/index.html]
[61c60634ce344.mywebzi.ir/درباره-ما/index.html]
[61c60634ce344.mywebzi.ir/تماس-با-ما/index.html]
[61c60634ce344.mywebzi.ir/نشریه-64069/index.html]
[61c60634ce344.mywebzi.ir/uploads/index.html]
[webzi.ir/static/0.0.1/editor/bower_components/flexslider/fonts/flexslider-icon.svg]
